// Jest Snapshot v1, https://goo.gl/fbAQLP

exports[`TimeDialogComponent should be rendered right 1`] = `
<yttt-time-dialog
  dataService={[Function DataService]}
  form={[Function FormGroup]}
  formBuilder={[Function _FormBuilder]}
>
  <mat-card
    appearance="outlined"
    class="mat-mdc-card mdc-card mat-mdc-card-outlined mdc-card--outlined"
  >
    <mat-card-header
      class="mat-mdc-card-header"
    >
      <div
        class="mat-mdc-card-header-text"
      >
        <mat-card-title
          class="mat-mdc-card-title"
        >
          Track Time
        </mat-card-title>
        <mat-card-subtitle
          class="mat-mdc-card-subtitle"
        >
          New entry
        </mat-card-subtitle>
      </div>
    </mat-card-header>
    <mat-card-content
      class="mat-mdc-card-content"
    >
      <form
        class="form ng-untouched ng-pristine ng-invalid"
        novalidate=""
      >
        <div
          class="form-row"
        >
          <mat-form-field
            class="mat-mdc-form-field mat-mdc-form-field-type-mat-input mat-form-field-no-animations mat-form-field-appearance-fill mat-form-field-hide-placeholder mat-primary ng-untouched ng-pristine ng-invalid"
          >
            <div
              class="mat-mdc-text-field-wrapper mdc-text-field mdc-text-field--filled"
            >
              <div
                class="mat-mdc-form-field-focus-overlay"
              />
              <div
                class="mat-mdc-form-field-flex"
              >
                <div
                  class="mat-mdc-form-field-infix"
                >
                  <label
                    class="mdc-floating-label mat-mdc-floating-label"
                    for="mat-input-a2"
                    id="mat-mdc-form-field-label-a2"
                    matformfieldfloatinglabel=""
                  >
                    <mat-label>
                      Ticket
                    </mat-label>
                    <span
                      aria-hidden="true"
                      class="mat-mdc-form-field-required-marker mdc-floating-label--required"
                    />
                  </label>
                  <input
                    aria-required="true"
                    class="mat-mdc-input-element mat-mdc-form-field-input-control mdc-text-field__input ng-untouched ng-pristine ng-invalid cdk-text-field-autofill-monitored"
                    formcontrolname="ticket"
                    id="mat-input-a2"
                    matinput=""
                    required=""
                  />
                </div>
              </div>
              <div
                class="mdc-line-ripple mdc-line-ripple--deactivating"
                matformfieldlineripple=""
              />
            </div>
            <div
              class="mat-mdc-form-field-subscript-wrapper mat-mdc-form-field-bottom-align"
            >
              <div
                class="mat-mdc-form-field-hint-wrapper ng-trigger ng-trigger-transitionMessages"
                style="opacity: 1; transform: translateY(0%);"
              >
                <div
                  class="mat-mdc-form-field-hint-spacer"
                />
              </div>
            </div>
          </mat-form-field>
        </div>
        <div
          class="form-row"
        >
          <mat-form-field
            class="mat-mdc-form-field mat-mdc-form-field-type-mat-input mat-form-field-no-animations mat-form-field-appearance-fill mat-form-field-hide-placeholder mat-primary ng-untouched ng-pristine ng-valid"
          >
            <div
              class="mat-mdc-text-field-wrapper mdc-text-field mdc-text-field--filled"
            >
              <div
                class="mat-mdc-form-field-focus-overlay"
              />
              <div
                class="mat-mdc-form-field-flex"
              >
                <div
                  class="mat-mdc-form-field-infix"
                >
                  <label
                    class="mdc-floating-label mat-mdc-floating-label"
                    for="mat-input-a3"
                    id="mat-mdc-form-field-label-a3"
                    matformfieldfloatinglabel=""
                  >
                    <mat-label>
                      Work description
                    </mat-label>
                  </label>
                  <input
                    aria-invalid="false"
                    aria-required="false"
                    class="mat-mdc-input-element mat-mdc-form-field-input-control mdc-text-field__input ng-untouched ng-pristine ng-valid cdk-text-field-autofill-monitored"
                    formcontrolname="description"
                    id="mat-input-a3"
                    matinput=""
                  />
                </div>
              </div>
              <div
                class="mdc-line-ripple mdc-line-ripple--deactivating"
                matformfieldlineripple=""
              />
            </div>
            <div
              class="mat-mdc-form-field-subscript-wrapper mat-mdc-form-field-bottom-align"
            >
              <div
                class="mat-mdc-form-field-hint-wrapper ng-trigger ng-trigger-transitionMessages"
                style="opacity: 1; transform: translateY(0%);"
              >
                <div
                  class="mat-mdc-form-field-hint-spacer"
                />
              </div>
            </div>
          </mat-form-field>
        </div>
      </form>
    </mat-card-content>
    <mat-card-actions
      align="end"
      class="mat-mdc-card-actions mdc-card__actions mat-mdc-card-actions-align-end"
    >
      <button
        class="mdc-button mdc-button--outlined mat-mdc-outlined-button _mat-animation-noopable mat-unthemed mat-mdc-button-base"
        mat-ripple-loader-class-name="mat-mdc-button-ripple"
        mat-ripple-loader-uninitialized=""
        mat-stroked-button=""
      >
        <span
          class="mat-mdc-button-persistent-ripple mdc-button__ripple"
        />
        <span
          class="mdc-button__label"
        >
          Add
        </span>
        <span
          class="mat-focus-indicator"
        />
        <span
          class="mat-mdc-button-touch-target"
        />
      </button>
    </mat-card-actions>
  </mat-card>
</yttt-time-dialog>
`;
